// Jest Snapshot v1, https://goo.gl/fbAQLP

exports[`Form should render correctly 1`] = `
<form
  onSubmit={[Function]}
>
  <div>
    <label>
      username
    </label>
    <input
      name="fieldUsername"
      onBlur={[Function]}
      onChange={[Function]}
      onDragStart={[Function]}
      onDrop={[Function]}
      onFocus={[Function]}
      type="text"
      value=""
    />
  </div>
  <div>
    <label>
      password
    </label>
    <input
      name="fieldPassword"
      onBlur={[Function]}
      onChange={[Function]}
      onDragStart={[Function]}
      onDrop={[Function]}
      onFocus={[Function]}
      type="password"
      value=""
    />
  </div>
  <button
    onClick={[Function]}
    type="button"
  >
    Click me
  </button>
</form>
`;
